// Jest Snapshot v1, https://goo.gl/fbAQLP

exports[`BarChart main snapshot 1`] = `
<DocumentFragment>
  <div
    class="StyledGrommet-sc-19lkkz7-0 bFLhoX"
  >
    <canvas
      class="chartjs-render-monitor"
      height="0"
      style="display: block;"
      width="0"
    />
  </div>
</DocumentFragment>
`;

exports[`BarChart mixedLine snapshot 1`] = `
<DocumentFragment>
  <div
    class="StyledGrommet-sc-19lkkz7-0 bFLhoX"
  >
    <canvas
      class="chartjs-render-monitor"
      height="0"
      style="display: block;"
      width="0"
    />
  </div>
</DocumentFragment>
`;

exports[`BarChart multiAxis snapshot 1`] = `
<DocumentFragment>
  <div
    class="StyledGrommet-sc-19lkkz7-0 bFLhoX"
  >
    <canvas
      class="chartjs-render-monitor"
      height="0"
      style="display: block;"
      width="0"
    />
  </div>
</DocumentFragment>
`;

exports[`BarChart stacked snapshot 1`] = `
<DocumentFragment>
  <div
    class="StyledGrommet-sc-19lkkz7-0 bFLhoX"
  >
    <canvas
      class="chartjs-render-monitor"
      height="0"
      style="display: block;"
      width="0"
    />
  </div>
</DocumentFragment>
`;

exports[`BarChart stackedGroup snapshot 1`] = `
<DocumentFragment>
  <div
    class="StyledGrommet-sc-19lkkz7-0 bFLhoX"
  >
    <canvas
      class="chartjs-render-monitor"
      height="0"
      style="display: block;"
      width="0"
    />
  </div>
</DocumentFragment>
`;
