// Jest Snapshot v1, https://goo.gl/fbAQLP

exports[`EmailInput  1`] = `
<DocumentFragment>
  <div
    class="StyledGrommet-sc-19lkkz7-0 bFLhoX"
  >
    <div
      class="StyledBox-sc-13pk1d4-0 iYasFZ"
    >
      <div
        class="StyledBox-sc-13pk1d4-0 dHgsfl"
      >
        <div
          class="sc-gsDJrp ixnOXx"
        >
          <div
            class="StyledTextInput__StyledTextInputContainer-sc-1x30a0s-1 cnyLED"
          >
            <input
              autocomplete="off"
              class="StyledTextInput-sc-1x30a0s-0 evYMFd sc-bdvvaa hfkuDO"
              inputmode="email"
              type="text"
              value="john.smith@gmail.co.uk"
            />
          </div>
        </div>
      </div>
    </div>
  </div>
</DocumentFragment>
`;
